../Core/Src/main.c:78:5:_write	24	static
../Core/Src/main.c:84:6:print	16	static
../Core/Src/main.c:101:6:HAL_TIM_IC_CaptureCallback	16	static
../Core/Src/main.c:130:6:delay	16	static
../Core/Src/main.c:135:6:HCSR04_Read	8	static
../Core/Src/main.c:150:5:main	104	static
../Core/Src/main.c:265:6:SystemClock_Config	88	static
../Core/Src/main.c:311:13:MX_I2C1_Init	8	static
../Core/Src/main.c:345:13:MX_SPI2_Init	8	static
../Core/Src/main.c:383:13:MX_TIM1_Init	32	static
../Core/Src/main.c:432:13:MX_USART1_UART_Init	8	static
../Core/Src/main.c:465:13:MX_USART2_UART_Init	8	static
../Core/Src/main.c:498:13:MX_GPIO_Init	48	static
../Core/Src/main.c:544:6:Error_Handler	4	static,ignoring_inline_asm
