../Core/Src/main.c:73:6:HAL_TIM_PeriodElapsedCallback	16	static
../Core/Src/main.c:82:5:_write	24	static
../Core/Src/main.c:88:6:print	16	static
../Core/Src/main.c:101:5:main	40	static
../Core/Src/main.c:209:6:SystemClock_Config	88	static
../Core/Src/main.c:255:13:MX_SPI2_Init	8	static
../Core/Src/main.c:293:13:MX_TIM3_Init	32	static
../Core/Src/main.c:338:13:MX_USART2_UART_Init	8	static
../Core/Src/main.c:371:13:MX_GPIO_Init	48	static
../Core/Src/main.c:400:6:HAL_UART_RxCpltCallback	16	static
../Core/Src/main.c:418:6:Error_Handler	4	static,ignoring_inline_asm
