../Core/Src/display/display.c:27:6:display_writeCommand	16	static
../Core/Src/display/display.c:33:6:display_writeData	16	static
../Core/Src/display/display.c:39:6:display_reset	8	static
../Core/Src/display/display.c:47:6:display_setAddressWindow	32	static
../Core/Src/display/display.c:71:6:display_init	16	static
../Core/Src/display/display.c:101:6:display_fillScreen	24	static
../Core/Src/display/display.c:114:6:display_drawChar	48	static
../Core/Src/display/display.c:139:6:display_drawBitmap	48	static
../Core/Src/display/display.c:159:6:display_writeString	48	static
../Core/Src/display/display.c:180:6:display_drawRectangle	48	static
../Core/Src/display/display.c:199:6:display_drawCircle	64	static
